STEP 1/12: FROM docker.io/library/python:3.12-slim@sha256:2b4f19dae3a777dfc3b76730bda1e82e1f66ab2a2686fa93ca78edbfb4f04ffe
STEP 2/12: ENV PYTHONDONTWRITEBYTECODE=1 PYTHONUNBUFFERED=1     HF_HUB_OFFLINE=1 TRANSFORMERS_OFFLINE=1 HF_HUB_DISABLE_TELEMETRY=1     HF_HOME=/tmp/huggingface REVIEWOPS_MODEL_DIR=/app/checkpoint     OMP_NUM_THREADS=2 TOKENIZERS_PARALLELISM=false
--> 36396f8898fe
STEP 3/12: WORKDIR /app
--> 3e1aed88bb9e
STEP 4/12: COPY requirements-serving.txt ./
--> b6524409aaaa
STEP 5/12: RUN python -m pip install --no-cache-dir torch==2.14.1+cpu --index-url https://download.pytorch.org/whl/cpu     && python -m pip install --no-cache-dir -r requirements-serving.txt     && python -m pip check     && python -c "import torch; assert torch.version.cuda is None"
Looking in indexes: https://download.pytorch.org/whl/cpu
Collecting torch==2.14.1+cpu
  Downloading https://download-r2.pytorch.org/whl/cpu/torch-2.14.1%2Bcpu-cp312-cp312-manylinux_2_28_x86_64.whl.metadata (37 kB)
Collecting filelock (from torch==2.14.1+cpu)
  Downloading filelock-3.32.3-py3-none-any.whl.metadata (2.0 kB)
Collecting typing-extensions>=4.10.0 (from torch==2.14.1+cpu)
  Downloading typing_extensions-4.16.0-py3-none-any.whl.metadata (3.3 kB)
Collecting setuptools>=77.0.3 (from torch==2.14.1+cpu)
  Downloading https://download.pytorch.org/whl/setuptools-78.1.0-py3-none-any.whl.metadata (6.6 kB)
Collecting sympy>=1.13.3 (from torch==2.14.1+cpu)
  Downloading sympy-1.14.0-py3-none-any.whl.metadata (12 kB)
Collecting networkx>=2.5.1 (from torch==2.14.1+cpu)
  Downloading networkx-3.6.1-py3-none-any.whl.metadata (6.8 kB)
Collecting jinja2 (from torch==2.14.1+cpu)
  Downloading https://download.pytorch.org/whl/jinja2-3.1.6-py3-none-any.whl.metadata (2.9 kB)
Collecting fsspec>=0.8.5 (from torch==2.14.1+cpu)
  Downloading fsspec-2026.7.0-py3-none-any.whl.metadata (10 kB)
Collecting mpmath<1.4,>=1.1.0 (from sympy>=1.13.3->torch==2.14.1+cpu)
  Downloading mpmath-1.3.0-py3-none-any.whl.metadata (8.6 kB)
Collecting MarkupSafe>=2.0 (from jinja2->torch==2.14.1+cpu)
  Downloading https://download.pytorch.org/whl/markupsafe-3.0.3-cp312-cp312-manylinux2014_x86_64.manylinux_2_17_x86_64.manylinux_2_28_x86_64.whl.metadata (2.7 kB)
Downloading https://download-r2.pytorch.org/whl/cpu/torch-2.14.1%2Bcpu-cp312-cp312-manylinux_2_28_x86_64.whl (196.3 MB)
   ━━━━━━━━━━━━━━━━━━━━━━━━━━━━━━━━━━━━━━━━ 196.3/196.3 MB 25.9 MB/s eta 0:00:00
Downloading fsspec-2026.7.0-py3-none-any.whl (206 kB)
Downloading networkx-3.6.1-py3-none-any.whl (2.1 MB)
   ━━━━━━━━━━━━━━━━━━━━━━━━━━━━━━━━━━━━━━━━ 2.1/2.1 MB 24.0 MB/s eta 0:00:00
Downloading https://download.pytorch.org/whl/setuptools-78.1.0-py3-none-any.whl (1.3 MB)
   ━━━━━━━━━━━━━━━━━━━━━━━━━━━━━━━━━━━━━━━━ 1.3/1.3 MB 25.5 MB/s eta 0:00:00
Downloading sympy-1.14.0-py3-none-any.whl (6.3 MB)
   ━━━━━━━━━━━━━━━━━━━━━━━━━━━━━━━━━━━━━━━━ 6.3/6.3 MB 25.3 MB/s eta 0:00:00
Downloading typing_extensions-4.16.0-py3-none-any.whl (45 kB)
Downloading filelock-3.32.3-py3-none-any.whl (98 kB)
Downloading https://download.pytorch.org/whl/jinja2-3.1.6-py3-none-any.whl (134 kB)
Downloading https://download.pytorch.org/whl/markupsafe-3.0.3-cp312-cp312-manylinux2014_x86_64.manylinux_2_17_x86_64.manylinux_2_28_x86_64.whl (22 kB)
Downloading mpmath-1.3.0-py3-none-any.whl (536 kB)
   ━━━━━━━━━━━━━━━━━━━━━━━━━━━━━━━━━━━━━━━━ 536.2/536.2 kB 26.7 MB/s eta 0:00:00
Installing collected packages: mpmath, typing-extensions, sympy, setuptools, networkx, MarkupSafe, fsspec, filelock, jinja2, torch
Successfully installed MarkupSafe-3.0.3 filelock-3.32.3 fsspec-2026.7.0 jinja2-3.1.6 mpmath-1.3.0 networkx-3.6.1 setuptools-78.1.0 sympy-1.14.0 torch-2.14.1+cpu typing-extensions-4.16.0
WARNING: Running pip as the 'root' user can result in broken permissions and conflicting behaviour with the system package manager, possibly rendering your system unusable. It is recommended to use a virtual environment instead: https://pip.pypa.io/warnings/venv. Use the --root-user-action option if you know what you are doing and want to suppress this warning.
Collecting fastapi==0.142.2 (from -r requirements-serving.txt (line 1))
  Downloading fastapi-0.142.2-py3-none-any.whl.metadata (27 kB)
Collecting starlette==0.52.1 (from -r requirements-serving.txt (line 2))
  Downloading starlette-0.52.1-py3-none-any.whl.metadata (6.3 kB)
Collecting pydantic==2.13.5 (from -r requirements-serving.txt (line 3))
  Downloading pydantic-2.13.5-py3-none-any.whl.metadata (110 kB)
Collecting uvicorn==0.54.0 (from -r requirements-serving.txt (line 4))
  Downloading uvicorn-0.54.0-py3-none-any.whl.metadata (6.6 kB)
Collecting transformers==5.18.0 (from -r requirements-serving.txt (line 5))
  Downloading transformers-5.18.0-py3-none-any.whl.metadata (32 kB)
Collecting huggingface_hub==1.33.0 (from -r requirements-serving.txt (line 6))
  Downloading huggingface_hub-1.33.0-py3-none-any.whl.metadata (16 kB)
Collecting safetensors==0.8.0 (from -r requirements-serving.txt (line 7))
  Downloading safetensors-0.8.0-cp310-abi3-manylinux_2_17_x86_64.manylinux2014_x86_64.whl.metadata (4.2 kB)
Collecting numpy==2.5.3 (from -r requirements-serving.txt (line 8))
  Downloading numpy-2.5.3-cp312-cp312-manylinux_2_27_x86_64.manylinux_2_28_x86_64.whl.metadata (6.6 kB)
Requirement already satisfied: typing-extensions>=4.8.0 in /usr/local/lib/python3.12/site-packages (from fastapi==0.142.2->-r requirements-serving.txt (line 1)) (4.16.0)
Collecting typing-inspection>=0.4.2 (from fastapi==0.142.2->-r requirements-serving.txt (line 1))
  Downloading typing_inspection-0.4.4-py3-none-any.whl.metadata (2.6 kB)
Collecting annotated-doc>=0.0.2 (from fastapi==0.142.2->-r requirements-serving.txt (line 1))
  Downloading annotated_doc-0.0.5-py3-none-any.whl.metadata (6.5 kB)
Collecting opentelemetry-api>=1.44.0 (from fastapi==0.142.2->-r requirements-serving.txt (line 1))
  Downloading opentelemetry_api-1.45.0-py3-none-any.whl.metadata (1.4 kB)
Collecting anyio<5,>=3.6.2 (from starlette==0.52.1->-r requirements-serving.txt (line 2))
  Downloading anyio-4.15.1-py3-none-any.whl.metadata (4.7 kB)
Collecting annotated-types>=0.6.0 (from pydantic==2.13.5->-r requirements-serving.txt (line 3))
  Downloading annotated_types-0.8.0-py3-none-any.whl.metadata (15 kB)
Collecting pydantic-core==2.46.5 (from pydantic==2.13.5->-r requirements-serving.txt (line 3))
  Downloading pydantic_core-2.46.5-cp312-cp312-manylinux_2_17_x86_64.manylinux2014_x86_64.whl.metadata (6.6 kB)
Collecting click>=7.0 (from uvicorn==0.54.0->-r requirements-serving.txt (line 4))
  Downloading click-8.5.0-py3-none-any.whl.metadata (2.6 kB)
Collecting h11>=0.8 (from uvicorn==0.54.0->-r requirements-serving.txt (line 4))
  Downloading h11-0.16.0-py3-none-any.whl.metadata (8.3 kB)
Collecting packaging>=20.0 (from transformers==5.18.0->-r requirements-serving.txt (line 5))
  Downloading packaging-26.3-py3-none-any.whl.metadata (3.5 kB)
Collecting pyyaml>=5.1 (from transformers==5.18.0->-r requirements-serving.txt (line 5))
  Downloading pyyaml-6.0.3-cp312-cp312-manylinux2014_x86_64.manylinux_2_17_x86_64.manylinux_2_28_x86_64.whl.metadata (2.4 kB)
Collecting regex>=2025.10.22 (from transformers==5.18.0->-r requirements-serving.txt (line 5))
  Downloading regex-2026.9.29-cp312-cp312-manylinux2014_x86_64.manylinux_2_17_x86_64.manylinux_2_28_x86_64.whl.metadata (40 kB)
Collecting tokenizers<0.24.0,>=0.23.1 (from transformers==5.18.0->-r requirements-serving.txt (line 5))
  Downloading tokenizers-0.23.2-cp310-abi3-manylinux_2_17_x86_64.manylinux2014_x86_64.whl.metadata (9.8 kB)
Collecting typer (from transformers==5.18.0->-r requirements-serving.txt (line 5))
  Downloading typer-0.27.2-py3-none-any.whl.metadata (16 kB)
Collecting tqdm>=4.60 (from transformers==5.18.0->-r requirements-serving.txt (line 5))
  Downloading tqdm-4.70.1-py3-none-any.whl.metadata (57 kB)
Requirement already satisfied: filelock>=3.10.0 in /usr/local/lib/python3.12/site-packages (from huggingface_hub==1.33.0->-r requirements-serving.txt (line 6)) (3.32.3)
Requirement already satisfied: fsspec>=2023.5.0 in /usr/local/lib/python3.12/site-packages (from huggingface_hub==1.33.0->-r requirements-serving.txt (line 6)) (2026.7.0)
Collecting hf-xet<2.0.0,>=1.6.0 (from huggingface_hub==1.33.0->-r requirements-serving.txt (line 6))
  Downloading hf_xet-1.6.0-cp38-abi3-manylinux2014_x86_64.manylinux_2_17_x86_64.whl.metadata (4.9 kB)
Collecting httpx<1,>=0.23.0 (from huggingface_hub==1.33.0->-r requirements-serving.txt (line 6))
  Downloading httpx-0.28.1-py3-none-any.whl.metadata (7.1 kB)
Collecting idna>=2.8 (from anyio<5,>=3.6.2->starlette==0.52.1->-r requirements-serving.txt (line 2))
  Downloading idna-3.20-py3-none-any.whl.metadata (7.2 kB)
Collecting certifi (from httpx<1,>=0.23.0->huggingface_hub==1.33.0->-r requirements-serving.txt (line 6))
  Downloading certifi-2026.7.22-py3-none-any.whl.metadata (2.5 kB)
Collecting httpcore==1.* (from httpx<1,>=0.23.0->huggingface_hub==1.33.0->-r requirements-serving.txt (line 6))
  Downloading httpcore-1.0.9-py3-none-any.whl.metadata (21 kB)
Collecting shellingham>=1.3.0 (from typer->transformers==5.18.0->-r requirements-serving.txt (line 5))
  Downloading shellingham-1.5.4-py2.py3-none-any.whl.metadata (3.5 kB)
Collecting rich>=13.8.0 (from typer->transformers==5.18.0->-r requirements-serving.txt (line 5))
  Downloading rich-15.0.0-py3-none-any.whl.metadata (18 kB)
Collecting markdown-it-py>=2.2.0 (from rich>=13.8.0->typer->transformers==5.18.0->-r requirements-serving.txt (line 5))
  Downloading markdown_it_py-4.2.0-py3-none-any.whl.metadata (7.4 kB)
Collecting pygments<3.0.0,>=2.13.0 (from rich>=13.8.0->typer->transformers==5.18.0->-r requirements-serving.txt (line 5))
  Downloading pygments-2.21.0-py3-none-any.whl.metadata (2.5 kB)
Collecting mdurl~=0.1 (from markdown-it-py>=2.2.0->rich>=13.8.0->typer->transformers==5.18.0->-r requirements-serving.txt (line 5))
  Downloading mdurl-0.1.2-py3-none-any.whl.metadata (1.6 kB)
Downloading fastapi-0.142.2-py3-none-any.whl (144 kB)
Downloading starlette-0.52.1-py3-none-any.whl (74 kB)
Downloading pydantic-2.13.5-py3-none-any.whl (472 kB)
Downloading uvicorn-0.54.0-py3-none-any.whl (87 kB)
Downloading transformers-5.18.0-py3-none-any.whl (12.6 MB)
   ━━━━━━━━━━━━━━━━━━━━━━━━━━━━━━━━━━━━━━━━ 12.6/12.6 MB 25.8 MB/s eta 0:00:00
Downloading huggingface_hub-1.33.0-py3-none-any.whl (846 kB)
   ━━━━━━━━━━━━━━━━━━━━━━━━━━━━━━━━━━━━━━━━ 846.4/846.4 kB 27.1 MB/s eta 0:00:00
Downloading safetensors-0.8.0-cp310-abi3-manylinux_2_17_x86_64.manylinux2014_x86_64.whl (516 kB)
Downloading numpy-2.5.3-cp312-cp312-manylinux_2_27_x86_64.manylinux_2_28_x86_64.whl (16.7 MB)
   ━━━━━━━━━━━━━━━━━━━━━━━━━━━━━━━━━━━━━━━━ 16.7/16.7 MB 26.1 MB/s eta 0:00:00
Downloading pydantic_core-2.46.5-cp312-cp312-manylinux_2_17_x86_64.manylinux2014_x86_64.whl (2.1 MB)
   ━━━━━━━━━━━━━━━━━━━━━━━━━━━━━━━━━━━━━━━━ 2.1/2.1 MB 27.4 MB/s eta 0:00:00
Downloading annotated_doc-0.0.5-py3-none-any.whl (5.3 kB)
Downloading annotated_types-0.8.0-py3-none-any.whl (13 kB)
Downloading anyio-4.15.1-py3-none-any.whl (132 kB)
Downloading click-8.5.0-py3-none-any.whl (125 kB)
Downloading h11-0.16.0-py3-none-any.whl (37 kB)
Downloading hf_xet-1.6.0-cp38-abi3-manylinux2014_x86_64.manylinux_2_17_x86_64.whl (4.5 MB)
   ━━━━━━━━━━━━━━━━━━━━━━━━━━━━━━━━━━━━━━━━ 4.5/4.5 MB 27.2 MB/s eta 0:00:00
Downloading httpx-0.28.1-py3-none-any.whl (73 kB)
Downloading httpcore-1.0.9-py3-none-any.whl (78 kB)
Downloading opentelemetry_api-1.45.0-py3-none-any.whl (60 kB)
Downloading packaging-26.3-py3-none-any.whl (129 kB)
Downloading pyyaml-6.0.3-cp312-cp312-manylinux2014_x86_64.manylinux_2_17_x86_64.manylinux_2_28_x86_64.whl (807 kB)
   ━━━━━━━━━━━━━━━━━━━━━━━━━━━━━━━━━━━━━━━━ 807.9/807.9 kB 27.3 MB/s eta 0:00:00
Downloading regex-2026.9.29-cp312-cp312-manylinux2014_x86_64.manylinux_2_17_x86_64.manylinux_2_28_x86_64.whl (807 kB)
   ━━━━━━━━━━━━━━━━━━━━━━━━━━━━━━━━━━━━━━━━ 807.8/807.8 kB 26.1 MB/s eta 0:00:00
Downloading tokenizers-0.23.2-cp310-abi3-manylinux_2_17_x86_64.manylinux2014_x86_64.whl (3.4 MB)
   ━━━━━━━━━━━━━━━━━━━━━━━━━━━━━━━━━━━━━━━━ 3.4/3.4 MB 24.8 MB/s eta 0:00:00
Downloading tqdm-4.70.1-py3-none-any.whl (80 kB)
Downloading typing_inspection-0.4.4-py3-none-any.whl (14 kB)
Downloading typer-0.27.2-py3-none-any.whl (123 kB)
Downloading idna-3.20-py3-none-any.whl (69 kB)
Downloading rich-15.0.0-py3-none-any.whl (310 kB)
Downloading shellingham-1.5.4-py2.py3-none-any.whl (9.8 kB)
Downloading certifi-2026.7.22-py3-none-any.whl (136 kB)
Downloading markdown_it_py-4.2.0-py3-none-any.whl (91 kB)
Downloading pygments-2.21.0-py3-none-any.whl (1.3 MB)
   ━━━━━━━━━━━━━━━━━━━━━━━━━━━━━━━━━━━━━━━━ 1.3/1.3 MB 25.8 MB/s eta 0:00:00
Downloading mdurl-0.1.2-py3-none-any.whl (10.0 kB)
Installing collected packages: typing-inspection, tqdm, shellingham, safetensors, regex, pyyaml, pygments, pydantic-core, packaging, opentelemetry-api, numpy, mdurl, idna, hf-xet, h11, click, certifi, annotated-types, annotated-doc, uvicorn, pydantic, markdown-it-py, httpcore, anyio, starlette, rich, httpx, typer, huggingface_hub, fastapi, tokenizers, transformers
Successfully installed annotated-doc-0.0.5 annotated-types-0.8.0 anyio-4.15.1 certifi-2026.7.22 click-8.5.0 fastapi-0.142.2 h11-0.16.0 hf-xet-1.6.0 httpcore-1.0.9 httpx-0.28.1 huggingface_hub-1.33.0 idna-3.20 markdown-it-py-4.2.0 mdurl-0.1.2 numpy-2.5.3 opentelemetry-api-1.45.0 packaging-26.3 pydantic-2.13.5 pydantic-core-2.46.5 pygments-2.21.0 pyyaml-6.0.3 regex-2026.9.29 rich-15.0.0 safetensors-0.8.0 shellingham-1.5.4 starlette-0.52.1 tokenizers-0.23.2 tqdm-4.70.1 transformers-5.18.0 typer-0.27.2 typing-inspection-0.4.4 uvicorn-0.54.0
WARNING: Running pip as the 'root' user can result in broken permissions and conflicting behaviour with the system package manager, possibly rendering your system unusable. It is recommended to use a virtual environment instead: https://pip.pypa.io/warnings/venv. Use the --root-user-action option if you know what you are doing and want to suppress this warning.

[notice] A new release of pip is available: 25.0.1 -> 26.2.1
[notice] To update, run: pip install --upgrade pip
No broken requirements found.
--> 427309ed0870
STEP 6/12: COPY app.py review_app.py review_inference.py release.json build-manifest.json ./
--> 4bcedb8f0b74
STEP 7/12: COPY static/ ./static/
--> 2bdaaa37a94b
STEP 8/12: COPY checkpoint/ ./checkpoint/
--> 834d26683dc0
STEP 9/12: LABEL org.opencontainers.image.title="ReviewOps"     io.reviewops.model.version="2"     io.reviewops.mlflow.run="a42731d0210a442a8b6d687f17d998c9"     io.reviewops.model.revision="714eb0fa89d2f80546fda750413ed43d93601a13"
--> 58b9099c8a10
STEP 10/12: USER 10001:10001
--> 79620fabf0d9
STEP 11/12: EXPOSE 8000
--> d682a499742b
STEP 12/12: CMD ["python", "-m", "uvicorn", "app:app", "--host", "0.0.0.0", "--port", "8000"]
COMMIT localhost/reviewops:mlflow-v2-amd64
--> 4b7299acf129
Successfully tagged localhost/reviewops:mlflow-v2-amd64
4b7299acf129b13a38e63718364596330657421085d39eae41bf54b1811e0881
